[     720ms] [ERROR] Failed to load resource: the server responded with a status of 401 () @ https://portfolio-git-fix-ui-bug-fixes-ankitgoyal4732-2920s-projects.vercel.app/:0
[    1539ms] [LOG] %c
▲

 _____ _              _                    _   _             __
|_   _| |__   ___    / \   __ _  ___ _ __ | |_(_) ___       / /
  | | | '_ \ / _ \  / _ \ / _` |/ _ \ '_ \| __| |/ __|     / /
  | | | | | |  __/ / ___ \ (_| |  __/ | | | |_| | (__     /_/
  |_| |_| |_|\___|/_/   \_\__, |\___|_| |_|\__|_|\___|    (_)
                           |___/
 ___        __               _                   _                 _
|_ _|_ __  / _|_ __ __ _ ___| |_ _ __ _   _  ___| |_ _   _ _ __ ___
 | || '_ \| |_| '__/ _` / __| __| '__| | | |/ __| __| | | | '__/ _ \
 | || | | |  _| | | (_| \__ \ |_| |  | |_| | (__| |_| |_| | | |  __/
|___|_| |_|_| |_|  \__,_|___/\__|_|   \__,_|\___|\__|\__,_|_|  \___|
  

Hello!

- Open Source https://vercel.com/oss
- Careers https://vercel.com/careers
- Status https://vercel-status.com

 font-family: "Geist Mono", monospace; white-space: pre; line-height: 1; @ https://vercel.com/_next/static/immutable/chunks/0-ks46k3iq52l.js:78
[    2821ms] [WARNING] Deprecated API for given entry type. @ https://vercel.com/_next/static/immutable/chunks/2tnbrlqru_fp5.js:18
[    6394ms] [WARNING] The resource https://vercel.com/_next/static/immutable/chunks/0llprel0smbgi.css was preloaded using link preload but not used within a few seconds from the window's load event. Please make sure it has an appropriate `as` value and it is preloaded intentionally. @ https://vercel.com/sso/access/request?next=%2Fsso-api%3Furl%3Dhttps%253A%252F%252Fportfolio-git-fix-ui-bug-fixes-ankitgoyal4732-2920s-projects.vercel.app%252F%26nonce%3D3bccef40125ae4378b4c760b1ccc40fec80c4435e2ab5804b43065e4dc7c3245&url=portfolio-git-fix-ui-bug-fixes-ankitgoyal4732-2920s-projects.vercel.app:0
[    6394ms] [WARNING] The resource https://vercel.com/_next/static/immutable/chunks/1r6vspgj25la7.css was preloaded using link preload but not used within a few seconds from the window's load event. Please make sure it has an appropriate `as` value and it is preloaded intentionally. @ https://vercel.com/sso/access/request?next=%2Fsso-api%3Furl%3Dhttps%253A%252F%252Fportfolio-git-fix-ui-bug-fixes-ankitgoyal4732-2920s-projects.vercel.app%252F%26nonce%3D3bccef40125ae4378b4c760b1ccc40fec80c4435e2ab5804b43065e4dc7c3245&url=portfolio-git-fix-ui-bug-fixes-ankitgoyal4732-2920s-projects.vercel.app:0
[    6394ms] [WARNING] The resource https://vercel.com/_next/static/immutable/chunks/1g59n5djp6-bw.css was preloaded using link preload but not used within a few seconds from the window's load event. Please make sure it has an appropriate `as` value and it is preloaded intentionally. @ https://vercel.com/sso/access/request?next=%2Fsso-api%3Furl%3Dhttps%253A%252F%252Fportfolio-git-fix-ui-bug-fixes-ankitgoyal4732-2920s-projects.vercel.app%252F%26nonce%3D3bccef40125ae4378b4c760b1ccc40fec80c4435e2ab5804b43065e4dc7c3245&url=portfolio-git-fix-ui-bug-fixes-ankitgoyal4732-2920s-projects.vercel.app:0
[    6394ms] [WARNING] The resource https://vercel.com/_next/static/immutable/chunks/2orpr8f1oypno.css was preloaded using link preload but not used within a few seconds from the window's load event. Please make sure it has an appropriate `as` value and it is preloaded intentionally. @ https://vercel.com/sso/access/request?next=%2Fsso-api%3Furl%3Dhttps%253A%252F%252Fportfolio-git-fix-ui-bug-fixes-ankitgoyal4732-2920s-projects.vercel.app%252F%26nonce%3D3bccef40125ae4378b4c760b1ccc40fec80c4435e2ab5804b43065e4dc7c3245&url=portfolio-git-fix-ui-bug-fixes-ankitgoyal4732-2920s-projects.vercel.app:0
[    6394ms] [WARNING] The resource https://vercel.com/_next/static/immutable/chunks/1_hcqu5a54e_h.css was preloaded using link preload but not used within a few seconds from the window's load event. Please make sure it has an appropriate `as` value and it is preloaded intentionally. @ https://vercel.com/sso/access/request?next=%2Fsso-api%3Furl%3Dhttps%253A%252F%252Fportfolio-git-fix-ui-bug-fixes-ankitgoyal4732-2920s-projects.vercel.app%252F%26nonce%3D3bccef40125ae4378b4c760b1ccc40fec80c4435e2ab5804b43065e4dc7c3245&url=portfolio-git-fix-ui-bug-fixes-ankitgoyal4732-2920s-projects.vercel.app:0
[   16216ms] [WARNING] The resource https://vercel.com/_next/static/immutable/chunks/0llprel0smbgi.css was preloaded using link preload but not used within a few seconds from the window's load event. Please make sure it has an appropriate `as` value and it is preloaded intentionally. @ https://vercel.com/sso/access/request?next=%2Fsso-api%3Furl%3Dhttps%253A%252F%252Fportfolio-git-fix-ui-bug-fixes-ankitgoyal4732-2920s-projects.vercel.app%252F%26nonce%3D3bccef40125ae4378b4c760b1ccc40fec80c4435e2ab5804b43065e4dc7c3245&url=portfolio-git-fix-ui-bug-fixes-ankitgoyal4732-2920s-projects.vercel.app:0
[   16216ms] [WARNING] The resource https://vercel.com/_next/static/immutable/chunks/1r6vspgj25la7.css was preloaded using link preload but not used within a few seconds from the window's load event. Please make sure it has an appropriate `as` value and it is preloaded intentionally. @ https://vercel.com/sso/access/request?next=%2Fsso-api%3Furl%3Dhttps%253A%252F%252Fportfolio-git-fix-ui-bug-fixes-ankitgoyal4732-2920s-projects.vercel.app%252F%26nonce%3D3bccef40125ae4378b4c760b1ccc40fec80c4435e2ab5804b43065e4dc7c3245&url=portfolio-git-fix-ui-bug-fixes-ankitgoyal4732-2920s-projects.vercel.app:0
[   16216ms] [WARNING] The resource https://vercel.com/_next/static/immutable/chunks/1g59n5djp6-bw.css was preloaded using link preload but not used within a few seconds from the window's load event. Please make sure it has an appropriate `as` value and it is preloaded intentionally. @ https://vercel.com/sso/access/request?next=%2Fsso-api%3Furl%3Dhttps%253A%252F%252Fportfolio-git-fix-ui-bug-fixes-ankitgoyal4732-2920s-projects.vercel.app%252F%26nonce%3D3bccef40125ae4378b4c760b1ccc40fec80c4435e2ab5804b43065e4dc7c3245&url=portfolio-git-fix-ui-bug-fixes-ankitgoyal4732-2920s-projects.vercel.app:0
[   16216ms] [WARNING] The resource https://vercel.com/_next/static/immutable/chunks/2orpr8f1oypno.css was preloaded using link preload but not used within a few seconds from the window's load event. Please make sure it has an appropriate `as` value and it is preloaded intentionally. @ https://vercel.com/sso/access/request?next=%2Fsso-api%3Furl%3Dhttps%253A%252F%252Fportfolio-git-fix-ui-bug-fixes-ankitgoyal4732-2920s-projects.vercel.app%252F%26nonce%3D3bccef40125ae4378b4c760b1ccc40fec80c4435e2ab5804b43065e4dc7c3245&url=portfolio-git-fix-ui-bug-fixes-ankitgoyal4732-2920s-projects.vercel.app:0
[   16216ms] [WARNING] The resource https://vercel.com/_next/static/immutable/chunks/1_hcqu5a54e_h.css was preloaded using link preload but not used within a few seconds from the window's load event. Please make sure it has an appropriate `as` value and it is preloaded intentionally. @ https://vercel.com/sso/access/request?next=%2Fsso-api%3Furl%3Dhttps%253A%252F%252Fportfolio-git-fix-ui-bug-fixes-ankitgoyal4732-2920s-projects.vercel.app%252F%26nonce%3D3bccef40125ae4378b4c760b1ccc40fec80c4435e2ab5804b43065e4dc7c3245&url=portfolio-git-fix-ui-bug-fixes-ankitgoyal4732-2920s-projects.vercel.app:0
